// Jest Snapshot v1, https://goo.gl/fbAQLP

exports[`renders correctly 1`] = `
Array [
  " ",
  <div
    className="BackgroundHeader"
    id={1}
  >
    <div
      className="Headline"
    >
      Museum
    </div>
    <button
      className="NavButton"
      onClick={[Function]}
    >
      1 
    </button>
    <button
      className="NavButton"
      onClick={[Function]}
    >
      2 
    </button>
    <button
      className="NavButton"
      onClick={[Function]}
    >
      3 
    </button>
    <button
      className="NavButton"
      onClick={[Function]}
    >
      4 
    </button>
    <button
      className="NavButton"
      onClick={[Function]}
    >
      5 
    </button>
    <div>
      <button
        className="StoreButton"
        onClick={[Function]}
        value="Sett som favoritt"
      >
        Set as favorite
      </button>
      <button
        className="StoreButton"
        onClick={[Function]}
        value="Vis favoritt"
      >
        Show favorite
      </button>
      <button
        className="StoreButton"
        onClick={[Function]}
        value="Fjern favoritt"
      >
        Remove favorite
      </button>
    </div>
  </div>,
  " ",
]
`;
